// Vitest Snapshot v1, https://vitest.dev/guide/snapshot.html

exports[`<CountryExplorer /> > matches snapshot (stable render) 1`] = `
<DocumentFragment>
  <div
    class="container-0-2-1"
  >
    <h1
      class="title-0-2-2"
    >
      pages.countryExplorer.title
    </h1>
    <p
      class="description-0-2-3"
    >
      pages.countryExplorer.description
    </p>
    <div
      class="wrapper-0-2-7"
    >
      <div>
        <label
          class="label-0-2-8"
          for="search-input"
        >
          pages.countryExplorer.searchByName
        </label>
        <input
          class="input-0-2-9"
          data-testid="search-input"
          id="search-input"
          placeholder="pages.countryExplorer.searchByName"
          value=""
        />
      </div>
      <div>
        <label
          class="label-0-2-8"
          for="region-select"
        >
          pages.countryExplorer.regionWithNoColon
        </label>
        <select
          class="select-0-2-10"
          data-testid="region-select"
          id="region-select"
        >
          <option
            value="All"
          >
            pages.countryExplorer.regionFilter.all
          </option>
          <option
            value="Africa"
          >
            pages.countryExplorer.regionFilter.africa
          </option>
          <option
            value="Americas"
          >
            pages.countryExplorer.regionFilter.americas
          </option>
          <option
            value="Asia"
          >
            pages.countryExplorer.regionFilter.asia
          </option>
          <option
            value="Europe"
          >
            pages.countryExplorer.regionFilter.europe
          </option>
          <option
            value="Oceania"
          >
            pages.countryExplorer.regionFilter.oceania
          </option>
          <option
            value="Antarctic"
          >
            pages.countryExplorer.regionFilter.antarctic
          </option>
        </select>
      </div>
      <div>
        <label
          class="label-0-2-8"
          for="population-select"
        >
          pages.countryExplorer.populationWithNoColon
        </label>
        <select
          class="select-0-2-10"
          data-testid="population-select"
          id="population-select"
        >
          <option
            value="ALL"
          >
            pages.countryExplorer.populationFilter.allPopulations
          </option>
          <option
            value="<10M"
          >
            pages.countryExplorer.populationFilter.lessThan10M
          </option>
          <option
            value="10M-100M"
          >
            pages.countryExplorer.populationFilter.between10MAnd100M
          </option>
          <option
            value=">=100M"
          >
            pages.countryExplorer.populationFilter.moreThan100M
          </option>
        </select>
      </div>
    </div>
    <div
      class="cardsWrapper-0-2-4"
    >
      <div
        class="cards-0-2-6"
      >
        <div
          class="cardContainer-0-2-11"
          data-testid="country-card"
        >
          <img
            alt="France flag"
            class="img-0-2-12"
            src="flag.svg"
          />
          <div
            class="textContainer-0-2-13"
          >
            <h3
              class="countryName-0-2-14"
            >
              Canada 
              <small>
                (CA)
              </small>
            </h3>
            <div
              class="details-0-2-15"
            >
              <div>
                <strong>
                  pages.countryExplorer.capital
                </strong>
                 Paris
              </div>
              <div>
                <strong>
                  pages.countryExplorer.region
                </strong>
                 Americas
              </div>
              <div>
                <strong>
                  pages.countryExplorer.population
                </strong>
                 67,000,000
              </div>
              <div>
                <strong>
                  pages.countryExplorer.currency
                </strong>
                 Euro (â‚¬)
              </div>
              <div>
                <strong>
                  pages.countryExplorer.languages
                </strong>
                 French
              </div>
            </div>
          </div>
        </div>
      </div>
    </div>
  </div>
</DocumentFragment>
`;
