// Vitest Snapshot v1, https://vitest.dev/guide/snapshot.html

exports[`<Profile /> > renders correctly and matches snapshot 1`] = `
<DocumentFragment>
  <div
    data-testid="mui-box"
  >
    <div
      data-testid="mui-box"
    >
      <div
        data-testid="typography-h4"
      >
        pages.profile.title
      </div>
    </div>
    <div
      data-testid="mui-box"
    >
      <div
        data-testid="mui-box"
      >
        <div
          data-testid="typography-h6"
        >
          pages.profile.subTitle
        </div>
        <div
          data-testid="typography-body2"
        >
          pages.profile.secondSubTitle
        </div>
      </div>
      <div
        data-testid="mui-stack"
      >
        <div
          data-testid="mui-box"
        >
          <div
            data-testid="typography-body2"
          >
            pages.profile.firstName
          </div>
          <input
            disabled=""
            type="text"
            value="John"
          />
        </div>
        <div
          data-testid="mui-box"
        >
          <div
            data-testid="typography-body2"
          >
            pages.profile.lastName
          </div>
          <input
            disabled=""
            type="text"
            value="Doe"
          />
        </div>
        <div
          data-testid="mui-box"
        >
          <div
            data-testid="typography-body2"
          >
            pages.profile.email
          </div>
          <input
            disabled=""
            type="text"
            value="john.doe@example.com"
          />
          <div
            data-testid="typography-body2"
          >
            pages.profile.emailCannotBeChanged
          </div>
        </div>
      </div>
      <div
        data-testid="mui-box"
      >
        <button>
          pages.profile.edit
        </button>
      </div>
    </div>
  </div>
</DocumentFragment>
`;
