// Vitest Snapshot v1, https://vitest.dev/guide/snapshot.html

exports[`<Users /> > matches snapshot (with users) 1`] = `
<DocumentFragment>
  <div
    class="root-0-2-1"
    data-testid="users-page"
  >
    <div
      class="formContainer-0-2-3 cardBase-0-2-2"
    >
      <h2
        class="sectionTitle-0-2-9"
      >
        pages.users.createUsers
      </h2>
      <form
        action="#"
        class="form-0-2-5"
      >
        <label
          class="label-0-2-6"
        >
          pages.users.email
          <input
            autocomplete="email"
            data-testid="users-create-email"
            name="email"
            placeholder="user@example.com"
            type="email"
            value=""
          />
          <span
            class="error-0-2-7"
          />
        </label>
        <label
          class="label-0-2-6"
        >
          pages.users.firstName
          <input
            autocomplete="given-name"
            data-testid="users-create-first-name"
            name="firstName"
            placeholder="John"
            type="text"
            value=""
          />
          <span
            class="error-0-2-7"
          />
        </label>
        <label
          class="label-0-2-6"
        >
          pages.users.lastName
          <input
            autocomplete="family-name"
            data-testid="users-create-last-name"
            name="lastName"
            placeholder="Doe"
            type="text"
            value=""
          />
          <span
            class="error-0-2-7"
          />
        </label>
        <label
          class="label-0-2-6"
        >
          pages.users.password
          <input
            autocomplete="new-password"
            data-testid="users-create-password"
            name="password"
            placeholder="******"
            type="password"
            value=""
          />
          <span
            class="error-0-2-7"
          />
        </label>
        <button
          class="submitButton-0-2-10"
          data-testid="users-create-submit"
          type="submit"
        >
          pages.users.createUser
        </button>
      </form>
    </div>
    <div
      class="listContainer-0-2-4 cardBase-0-2-2"
      data-testid="users-list-container"
    >
      <h2
        class="sectionTitle-0-2-9"
      >
        pages.users.users
      </h2>
      <ul
        class="list-0-2-8"
        data-testid="users-list"
      >
        <li
          class="listItem-0-2-11"
          data-testid="users-item-u1"
        >
          <div
            class="avatar-0-2-12"
          >
            A
          </div>
          <div
            class="info-0-2-13"
          >
            <span
              data-testid="users-email"
              title="alpha@example.com"
            >
              alpha@example.com
            </span>
            <span
              data-testid="users-first-name"
              title="Alice"
            >
              Alice
            </span>
            <span
              data-testid="users-last-name"
              title="Anderson"
            >
              Anderson
            </span>
          </div>
          <div
            class="actions-0-2-20"
          >
            <button
              class="updateButton-0-2-15 btnBase-0-2-14"
              data-testid="users-update-btn"
            >
              pages.users.update
            </button>
            <button
              class="deleteButton-0-2-16 btnBase-0-2-14"
              data-testid="users-delete-btn"
            >
              pages.users.delete
            </button>
          </div>
        </li>
        <li
          class="listItem-0-2-11"
          data-testid="users-item-u2"
        >
          <div
            class="avatar-0-2-12"
          >
            B
          </div>
          <div
            class="info-0-2-13"
          >
            <span
              data-testid="users-email"
              title="beta@example.com"
            >
              beta@example.com
            </span>
            <span
              data-testid="users-first-name"
              title="Bob"
            >
              Bob
            </span>
            <span
              data-testid="users-last-name"
              title="Baker"
            >
              Baker
            </span>
          </div>
          <div
            class="actions-0-2-20"
          >
            <button
              class="updateButton-0-2-15 btnBase-0-2-14"
              data-testid="users-update-btn"
            >
              pages.users.update
            </button>
            <button
              class="deleteButton-0-2-16 btnBase-0-2-14"
              data-testid="users-delete-btn"
            >
              pages.users.delete
            </button>
          </div>
        </li>
      </ul>
    </div>
  </div>
</DocumentFragment>
`;
