// Vitest Snapshot v1, https://vitest.dev/guide/snapshot.html

exports[`ChatYo > matches snapshot 1`] = `
<DocumentFragment>
  <div
    class="chatWrapper-0-2-1"
    data-testid="chat-yo-page"
  >
    <div>
      <ul>
        <li>
          Hello
        </li>
        <li>
          Hi there!
        </li>
      </ul>
      <input
        placeholder="Type a message..."
        value=""
      />
      <button
        type="button"
      >
        â†‘
      </button>
    </div>
  </div>
</DocumentFragment>
`;
