// Vitest Snapshot v1, https://vitest.dev/guide/snapshot.html

exports[`<TypingPractice /> > matches snapshot (initial level selection) 1`] = `
<DocumentFragment>
  <div
    class="container-0-2-1"
  >
    <div
      class="header-0-2-2"
    >
      <h1
        class="title-0-2-3"
      >
        pages.typingPractice.hebrewTypingPractice
      </h1>
      <p
        class="subtitle-0-2-4"
      >
        pages.typingPractice.listenToHebrewAudio
      </p>
    </div>
    <div
      class="content-0-2-5"
    >
      <div
        class="levelSelection-0-2-22"
        data-testid="typing-level-selection"
      >
        <div>
          <h3
            class="levelTitle-0-2-23"
          >
            pages.typingPractice.chooseYourDifficultyLevel
          </h3>
          <p
            class="levelDescription-0-2-24"
          >
            pages.typingPractice.selectDifficultyLevel
            <br />
            pages.typingPractice.youWillListenToHebrewAudio
          </p>
        </div>
        <div
          class="levelButtons-0-2-25"
        >
          <button
            class="levelButton-0-2-26"
          >
            <div
              class="levelButtonIcon-0-2-27"
            >
              ðŸŒ±
            </div>
            <div
              class="levelButtonLabel-0-2-28"
            >
              Easy
            </div>
            <div
              class="levelButtonDescription-0-2-29"
            >
              Single Hebrew words
Basic vocabulary
            </div>
          </button>
          <button
            class="levelButton-0-2-26"
          >
            <div
              class="levelButtonIcon-0-2-27"
            >
              ðŸŒ¿
            </div>
            <div
              class="levelButtonLabel-0-2-28"
            >
              Medium
            </div>
            <div
              class="levelButtonDescription-0-2-29"
            >
              Short phrases
Common expressions
            </div>
          </button>
          <button
            class="levelButton-0-2-26"
          >
            <div
              class="levelButtonIcon-0-2-27"
            >
              ðŸŒ³
            </div>
            <div
              class="levelButtonLabel-0-2-28"
            >
              Hard
            </div>
            <div
              class="levelButtonDescription-0-2-29"
            >
              Full sentences
Complex vocabulary
            </div>
          </button>
        </div>
      </div>
    </div>
  </div>
</DocumentFragment>
`;
