[
    {
        "ChatId": "GUID",
        "ChatName": "B",
        "ChatType": "default",
        "CreatedAt": "2020-01-01T12:00:00+00:00",
        "UpdatedAt": "2020-01-01T14:00:00+00:00"
    },
    {
        "ChatId": "GUID",
        "ChatName": "A",
        "ChatType": "default",
        "CreatedAt": "2020-01-01T12:00:00+00:00",
        "UpdatedAt": "2020-01-01T13:00:00+00:00"
    }
]